// Vitest Snapshot v1

exports[`tracsaction testing > should render correctly 1`] = `
{
  "asFragment": [Function],
  "baseElement": <body>
    <div>
      <div
        class="transaction__wrapper"
      >
        <div
          class="ant-row"
          style="margin: -15px -15px -15px -15px;"
        >
          <div
            class="ant-col col__transaction ant-col-xs-24 ant-col-sm-24 ant-col-md-12 ant-col-lg-8 ant-col-xl-8"
            style="padding: 15px 15px 15px 15px;"
          >
            <div
              class="ant-card ant-card-bordered ant-card-hoverable"
            >
              <div
                class="ant-card-body"
              >
                <div
                  class="ant-space ant-space-horizontal ant-space-align-center"
                  style="margin-bottom: 10px; width: 100%; display: flex; justify-content: center;"
                >
                  <div
                    class="ant-space-item"
                  >
                    <div
                      class="ant-image"
                      style="height: 200px;"
                    >
                      <img
                        class="ant-image-img"
                        src="https://cf.bstatic.com/xdata/images/hotel/max1280x900/226441291.jpg?k=86d3367ed26a628e391c475ab487094138195a71ae89b55b53956e52328d6542&o=&hp=1"
                        style="height: 200px;"
                      />
                      <div
                        class="ant-image-mask"
                      >
                        <div
                          class="ant-image-mask-info"
                        >
                          <span
                            aria-label="eye"
                            class="anticon anticon-eye"
                            role="img"
                          >
                            <svg
                              aria-hidden="true"
                              data-icon="eye"
                              fill="currentColor"
                              focusable="false"
                              height="1em"
                              viewBox="64 64 896 896"
                              width="1em"
                            >
                              <path
                                d="M942.2 486.2C847.4 286.5 704.1 186 512 186c-192.2 0-335.4 100.5-430.2 300.3a60.3 60.3 0 000 51.5C176.6 737.5 319.9 838 512 838c192.2 0 335.4-100.5 430.2-300.3 7.7-16.2 7.7-35 0-51.5zM512 766c-161.3 0-279.4-81.8-362.7-254C232.6 339.8 350.7 258 512 258c161.3 0 279.4 81.8 362.7 254C791.5 684.2 673.4 766 512 766zm-4-430c-97.2 0-176 78.8-176 176s78.8 176 176 176 176-78.8 176-176-78.8-176-176-176zm0 288c-61.9 0-112-50.1-112-112s50.1-112 112-112 112 50.1 112 112-50.1 112-112 112z"
                              />
                            </svg>
                          </span>
                          Preview
                        </div>
                      </div>
                    </div>
                  </div>
                </div>
                <a
                  href="#/detailsBooking/151"
                  style="color: black;"
                >
                  <div
                    class="ant-space ant-space-horizontal ant-space-align-center space__glimpse"
                  >
                    <div
                      class="ant-space-item"
                      style="margin-right: 8px;"
                    >
                      <span>
                        Hotel
                      </span>
                    </div>
                    <div
                      class="ant-space-item"
                    >
                      <span>
                        Sel de Mer Hotel & Suites
                      </span>
                    </div>
                  </div>
                  <div
                    class="ant-space ant-space-horizontal ant-space-align-center space__glimpse"
                  >
                    <div
                      class="ant-space-item"
                      style="margin-right: 8px;"
                    >
                      <span>
                        Check in
                      </span>
                    </div>
                    <div
                      class="ant-space-item"
                    >
                      <span>
                        07-08-2022
                      </span>
                    </div>
                  </div>
                  <div
                    class="ant-space ant-space-horizontal ant-space-align-center space__glimpse"
                  >
                    <div
                      class="ant-space-item"
                      style="margin-right: 8px;"
                    >
                      <span>
                        Check out
                      </span>
                    </div>
                    <div
                      class="ant-space-item"
                    >
                      <span>
                        07-08-2022
                      </span>
                    </div>
                  </div>
                  <div
                    class="ant-space ant-space-horizontal ant-space-align-center space__glimpse"
                  >
                    <div
                      class="ant-space-item"
                      style="margin-right: 8px;"
                    >
                      <span>
                        Price
                      </span>
                    </div>
                    <div
                      class="ant-space-item"
                    >
                      <span>
                        $
                        112.2
                      </span>
                    </div>
                  </div>
                  <div
                    class="ant-space ant-space-horizontal ant-space-align-center"
                  >
                    <div
                      class="ant-space-item"
                    >
                      <span
                        class="ant-tag ant-tag-processing"
                      >
                        <span
                          aria-label="clock-circle"
                          class="anticon anticon-clock-circle"
                          role="img"
                        >
                          <svg
                            aria-hidden="true"
                            data-icon="clock-circle"
                            fill="currentColor"
                            focusable="false"
                            height="1em"
                            viewBox="64 64 896 896"
                            width="1em"
                          >
                            <path
                              d="M512 64C264.6 64 64 264.6 64 512s200.6 448 448 448 448-200.6 448-448S759.4 64 512 64zm0 820c-205.4 0-372-166.6-372-372s166.6-372 372-372 372 166.6 372 372-166.6 372-372 372z"
                            />
                            <path
                              d="M686.7 638.6L544.1 535.5V288c0-4.4-3.6-8-8-8H488c-4.4 0-8 3.6-8 8v275.4c0 2.6 1.2 5 3.3 6.5l165.4 120.6c3.6 2.6 8.6 1.8 11.2-1.7l28.6-39c2.6-3.7 1.8-8.7-1.8-11.2z"
                            />
                          </svg>
                        </span>
                        <span>
                          Paid
                        </span>
                      </span>
                    </div>
                  </div>
                </a>
                <div
                  class="ant-space ant-space-horizontal ant-space-align-center space__type__btn"
                >
                  <div
                    class="ant-space-item"
                  >
                    <a
                      href="#/detailsBooking/151"
                    >
                      <button
                        class="ant-btn ant-btn-default"
                        type="button"
                      >
                        <span>
                          View details
                        </span>
                      </button>
                    </a>
                  </div>
                </div>
              </div>
            </div>
          </div>
          <div
            class="ant-col col__transaction ant-col-xs-24 ant-col-sm-24 ant-col-md-12 ant-col-lg-8 ant-col-xl-8"
            style="padding: 15px 15px 15px 15px;"
          >
            <div
              class="ant-card ant-card-bordered ant-card-hoverable"
            >
              <div
                class="ant-card-body"
              >
                <div
                  class="ant-space ant-space-horizontal ant-space-align-center"
                  style="margin-bottom: 10px; width: 100%; display: flex; justify-content: center;"
                >
                  <div
                    class="ant-space-item"
                  >
                    <div
                      class="ant-image"
                      style="height: 200px;"
                    >
                      <img
                        class="ant-image-img"
                        src="https://cf.bstatic.com/xdata/images/hotel/max1024x768/235325816.jpg?k=a689508c2e1149b0bd5dbc5b9948b634226868a80808e3fad4617f783ee3f1de&o="
                        style="height: 200px;"
                      />
                      <div
                        class="ant-image-mask"
                      >
                        <div
                          class="ant-image-mask-info"
                        >
                          <span
                            aria-label="eye"
                            class="anticon anticon-eye"
                            role="img"
                          >
                            <svg
                              aria-hidden="true"
                              data-icon="eye"
                              fill="currentColor"
                              focusable="false"
                              height="1em"
                              viewBox="64 64 896 896"
                              width="1em"
                            >
                              <path
                                d="M942.2 486.2C847.4 286.5 704.1 186 512 186c-192.2 0-335.4 100.5-430.2 300.3a60.3 60.3 0 000 51.5C176.6 737.5 319.9 838 512 838c192.2 0 335.4-100.5 430.2-300.3 7.7-16.2 7.7-35 0-51.5zM512 766c-161.3 0-279.4-81.8-362.7-254C232.6 339.8 350.7 258 512 258c161.3 0 279.4 81.8 362.7 254C791.5 684.2 673.4 766 512 766zm-4-430c-97.2 0-176 78.8-176 176s78.8 176 176 176 176-78.8 176-176-78.8-176-176-176zm0 288c-61.9 0-112-50.1-112-112s50.1-112 112-112 112 50.1 112 112-50.1 112-112 112z"
                              />
                            </svg>
                          </span>
                          Preview
                        </div>
                      </div>
                    </div>
                  </div>
                </div>
                <a
                  href="#/detailsBooking/152"
                  style="color: black;"
                >
                  <div
                    class="ant-space ant-space-horizontal ant-space-align-center space__glimpse"
                  >
                    <div
                      class="ant-space-item"
                      style="margin-right: 8px;"
                    >
                      <span>
                        Hotel
                      </span>
                    </div>
                    <div
                      class="ant-space-item"
                    >
                      <span>
                        TMS Hotel Da Nang Beach
                      </span>
                    </div>
                  </div>
                  <div
                    class="ant-space ant-space-horizontal ant-space-align-center space__glimpse"
                  >
                    <div
                      class="ant-space-item"
                      style="margin-right: 8px;"
                    >
                      <span>
                        Check in
                      </span>
                    </div>
                    <div
                      class="ant-space-item"
                    >
                      <span>
                        07-08-2022
                      </span>
                    </div>
                  </div>
                  <div
                    class="ant-space ant-space-horizontal ant-space-align-center space__glimpse"
                  >
                    <div
                      class="ant-space-item"
                      style="margin-right: 8px;"
                    >
                      <span>
                        Check out
                      </span>
                    </div>
                    <div
                      class="ant-space-item"
                    >
                      <span>
                        07-08-2022
                      </span>
                    </div>
                  </div>
                  <div
                    class="ant-space ant-space-horizontal ant-space-align-center space__glimpse"
                  >
                    <div
                      class="ant-space-item"
                      style="margin-right: 8px;"
                    >
                      <span>
                        Price
                      </span>
                    </div>
                    <div
                      class="ant-space-item"
                    >
                      <span>
                        $
                        46.2
                      </span>
                    </div>
                  </div>
                  <div
                    class="ant-space ant-space-horizontal ant-space-align-center"
                  >
                    <div
                      class="ant-space-item"
                    >
                      <span
                        class="ant-tag ant-tag-processing"
                      >
                        <span
                          aria-label="clock-circle"
                          class="anticon anticon-clock-circle"
                          role="img"
                        >
                          <svg
                            aria-hidden="true"
                            data-icon="clock-circle"
                            fill="currentColor"
                            focusable="false"
                            height="1em"
                            viewBox="64 64 896 896"
                            width="1em"
                          >
                            <path
                              d="M512 64C264.6 64 64 264.6 64 512s200.6 448 448 448 448-200.6 448-448S759.4 64 512 64zm0 820c-205.4 0-372-166.6-372-372s166.6-372 372-372 372 166.6 372 372-166.6 372-372 372z"
                            />
                            <path
                              d="M686.7 638.6L544.1 535.5V288c0-4.4-3.6-8-8-8H488c-4.4 0-8 3.6-8 8v275.4c0 2.6 1.2 5 3.3 6.5l165.4 120.6c3.6 2.6 8.6 1.8 11.2-1.7l28.6-39c2.6-3.7 1.8-8.7-1.8-11.2z"
                            />
                          </svg>
                        </span>
                        <span>
                          Paid
                        </span>
                      </span>
                    </div>
                  </div>
                </a>
                <div
                  class="ant-space ant-space-horizontal ant-space-align-center space__type__btn"
                >
                  <div
                    class="ant-space-item"
                  >
                    <a
                      href="#/detailsBooking/152"
                    >
                      <button
                        class="ant-btn ant-btn-default"
                        type="button"
                      >
                        <span>
                          View details
                        </span>
                      </button>
                    </a>
                  </div>
                </div>
              </div>
            </div>
          </div>
        </div>
      </div>
    </div>
  </body>,
  "container": <div>
    <div
      class="transaction__wrapper"
    >
      <div
        class="ant-row"
        style="margin: -15px -15px -15px -15px;"
      >
        <div
          class="ant-col col__transaction ant-col-xs-24 ant-col-sm-24 ant-col-md-12 ant-col-lg-8 ant-col-xl-8"
          style="padding: 15px 15px 15px 15px;"
        >
          <div
            class="ant-card ant-card-bordered ant-card-hoverable"
          >
            <div
              class="ant-card-body"
            >
              <div
                class="ant-space ant-space-horizontal ant-space-align-center"
                style="margin-bottom: 10px; width: 100%; display: flex; justify-content: center;"
              >
                <div
                  class="ant-space-item"
                >
                  <div
                    class="ant-image"
                    style="height: 200px;"
                  >
                    <img
                      class="ant-image-img"
                      src="https://cf.bstatic.com/xdata/images/hotel/max1280x900/226441291.jpg?k=86d3367ed26a628e391c475ab487094138195a71ae89b55b53956e52328d6542&o=&hp=1"
                      style="height: 200px;"
                    />
                    <div
                      class="ant-image-mask"
                    >
                      <div
                        class="ant-image-mask-info"
                      >
                        <span
                          aria-label="eye"
                          class="anticon anticon-eye"
                          role="img"
                        >
                          <svg
                            aria-hidden="true"
                            data-icon="eye"
                            fill="currentColor"
                            focusable="false"
                            height="1em"
                            viewBox="64 64 896 896"
                            width="1em"
                          >
                            <path
                              d="M942.2 486.2C847.4 286.5 704.1 186 512 186c-192.2 0-335.4 100.5-430.2 300.3a60.3 60.3 0 000 51.5C176.6 737.5 319.9 838 512 838c192.2 0 335.4-100.5 430.2-300.3 7.7-16.2 7.7-35 0-51.5zM512 766c-161.3 0-279.4-81.8-362.7-254C232.6 339.8 350.7 258 512 258c161.3 0 279.4 81.8 362.7 254C791.5 684.2 673.4 766 512 766zm-4-430c-97.2 0-176 78.8-176 176s78.8 176 176 176 176-78.8 176-176-78.8-176-176-176zm0 288c-61.9 0-112-50.1-112-112s50.1-112 112-112 112 50.1 112 112-50.1 112-112 112z"
                            />
                          </svg>
                        </span>
                        Preview
                      </div>
                    </div>
                  </div>
                </div>
              </div>
              <a
                href="#/detailsBooking/151"
                style="color: black;"
              >
                <div
                  class="ant-space ant-space-horizontal ant-space-align-center space__glimpse"
                >
                  <div
                    class="ant-space-item"
                    style="margin-right: 8px;"
                  >
                    <span>
                      Hotel
                    </span>
                  </div>
                  <div
                    class="ant-space-item"
                  >
                    <span>
                      Sel de Mer Hotel & Suites
                    </span>
                  </div>
                </div>
                <div
                  class="ant-space ant-space-horizontal ant-space-align-center space__glimpse"
                >
                  <div
                    class="ant-space-item"
                    style="margin-right: 8px;"
                  >
                    <span>
                      Check in
                    </span>
                  </div>
                  <div
                    class="ant-space-item"
                  >
                    <span>
                      07-08-2022
                    </span>
                  </div>
                </div>
                <div
                  class="ant-space ant-space-horizontal ant-space-align-center space__glimpse"
                >
                  <div
                    class="ant-space-item"
                    style="margin-right: 8px;"
                  >
                    <span>
                      Check out
                    </span>
                  </div>
                  <div
                    class="ant-space-item"
                  >
                    <span>
                      07-08-2022
                    </span>
                  </div>
                </div>
                <div
                  class="ant-space ant-space-horizontal ant-space-align-center space__glimpse"
                >
                  <div
                    class="ant-space-item"
                    style="margin-right: 8px;"
                  >
                    <span>
                      Price
                    </span>
                  </div>
                  <div
                    class="ant-space-item"
                  >
                    <span>
                      $
                      112.2
                    </span>
                  </div>
                </div>
                <div
                  class="ant-space ant-space-horizontal ant-space-align-center"
                >
                  <div
                    class="ant-space-item"
                  >
                    <span
                      class="ant-tag ant-tag-processing"
                    >
                      <span
                        aria-label="clock-circle"
                        class="anticon anticon-clock-circle"
                        role="img"
                      >
                        <svg
                          aria-hidden="true"
                          data-icon="clock-circle"
                          fill="currentColor"
                          focusable="false"
                          height="1em"
                          viewBox="64 64 896 896"
                          width="1em"
                        >
                          <path
                            d="M512 64C264.6 64 64 264.6 64 512s200.6 448 448 448 448-200.6 448-448S759.4 64 512 64zm0 820c-205.4 0-372-166.6-372-372s166.6-372 372-372 372 166.6 372 372-166.6 372-372 372z"
                          />
                          <path
                            d="M686.7 638.6L544.1 535.5V288c0-4.4-3.6-8-8-8H488c-4.4 0-8 3.6-8 8v275.4c0 2.6 1.2 5 3.3 6.5l165.4 120.6c3.6 2.6 8.6 1.8 11.2-1.7l28.6-39c2.6-3.7 1.8-8.7-1.8-11.2z"
                          />
                        </svg>
                      </span>
                      <span>
                        Paid
                      </span>
                    </span>
                  </div>
                </div>
              </a>
              <div
                class="ant-space ant-space-horizontal ant-space-align-center space__type__btn"
              >
                <div
                  class="ant-space-item"
                >
                  <a
                    href="#/detailsBooking/151"
                  >
                    <button
                      class="ant-btn ant-btn-default"
                      type="button"
                    >
                      <span>
                        View details
                      </span>
                    </button>
                  </a>
                </div>
              </div>
            </div>
          </div>
        </div>
        <div
          class="ant-col col__transaction ant-col-xs-24 ant-col-sm-24 ant-col-md-12 ant-col-lg-8 ant-col-xl-8"
          style="padding: 15px 15px 15px 15px;"
        >
          <div
            class="ant-card ant-card-bordered ant-card-hoverable"
          >
            <div
              class="ant-card-body"
            >
              <div
                class="ant-space ant-space-horizontal ant-space-align-center"
                style="margin-bottom: 10px; width: 100%; display: flex; justify-content: center;"
              >
                <div
                  class="ant-space-item"
                >
                  <div
                    class="ant-image"
                    style="height: 200px;"
                  >
                    <img
                      class="ant-image-img"
                      src="https://cf.bstatic.com/xdata/images/hotel/max1024x768/235325816.jpg?k=a689508c2e1149b0bd5dbc5b9948b634226868a80808e3fad4617f783ee3f1de&o="
                      style="height: 200px;"
                    />
                    <div
                      class="ant-image-mask"
                    >
                      <div
                        class="ant-image-mask-info"
                      >
                        <span
                          aria-label="eye"
                          class="anticon anticon-eye"
                          role="img"
                        >
                          <svg
                            aria-hidden="true"
                            data-icon="eye"
                            fill="currentColor"
                            focusable="false"
                            height="1em"
                            viewBox="64 64 896 896"
                            width="1em"
                          >
                            <path
                              d="M942.2 486.2C847.4 286.5 704.1 186 512 186c-192.2 0-335.4 100.5-430.2 300.3a60.3 60.3 0 000 51.5C176.6 737.5 319.9 838 512 838c192.2 0 335.4-100.5 430.2-300.3 7.7-16.2 7.7-35 0-51.5zM512 766c-161.3 0-279.4-81.8-362.7-254C232.6 339.8 350.7 258 512 258c161.3 0 279.4 81.8 362.7 254C791.5 684.2 673.4 766 512 766zm-4-430c-97.2 0-176 78.8-176 176s78.8 176 176 176 176-78.8 176-176-78.8-176-176-176zm0 288c-61.9 0-112-50.1-112-112s50.1-112 112-112 112 50.1 112 112-50.1 112-112 112z"
                            />
                          </svg>
                        </span>
                        Preview
                      </div>
                    </div>
                  </div>
                </div>
              </div>
              <a
                href="#/detailsBooking/152"
                style="color: black;"
              >
                <div
                  class="ant-space ant-space-horizontal ant-space-align-center space__glimpse"
                >
                  <div
                    class="ant-space-item"
                    style="margin-right: 8px;"
                  >
                    <span>
                      Hotel
                    </span>
                  </div>
                  <div
                    class="ant-space-item"
                  >
                    <span>
                      TMS Hotel Da Nang Beach
                    </span>
                  </div>
                </div>
                <div
                  class="ant-space ant-space-horizontal ant-space-align-center space__glimpse"
                >
                  <div
                    class="ant-space-item"
                    style="margin-right: 8px;"
                  >
                    <span>
                      Check in
                    </span>
                  </div>
                  <div
                    class="ant-space-item"
                  >
                    <span>
                      07-08-2022
                    </span>
                  </div>
                </div>
                <div
                  class="ant-space ant-space-horizontal ant-space-align-center space__glimpse"
                >
                  <div
                    class="ant-space-item"
                    style="margin-right: 8px;"
                  >
                    <span>
                      Check out
                    </span>
                  </div>
                  <div
                    class="ant-space-item"
                  >
                    <span>
                      07-08-2022
                    </span>
                  </div>
                </div>
                <div
                  class="ant-space ant-space-horizontal ant-space-align-center space__glimpse"
                >
                  <div
                    class="ant-space-item"
                    style="margin-right: 8px;"
                  >
                    <span>
                      Price
                    </span>
                  </div>
                  <div
                    class="ant-space-item"
                  >
                    <span>
                      $
                      46.2
                    </span>
                  </div>
                </div>
                <div
                  class="ant-space ant-space-horizontal ant-space-align-center"
                >
                  <div
                    class="ant-space-item"
                  >
                    <span
                      class="ant-tag ant-tag-processing"
                    >
                      <span
                        aria-label="clock-circle"
                        class="anticon anticon-clock-circle"
                        role="img"
                      >
                        <svg
                          aria-hidden="true"
                          data-icon="clock-circle"
                          fill="currentColor"
                          focusable="false"
                          height="1em"
                          viewBox="64 64 896 896"
                          width="1em"
                        >
                          <path
                            d="M512 64C264.6 64 64 264.6 64 512s200.6 448 448 448 448-200.6 448-448S759.4 64 512 64zm0 820c-205.4 0-372-166.6-372-372s166.6-372 372-372 372 166.6 372 372-166.6 372-372 372z"
                          />
                          <path
                            d="M686.7 638.6L544.1 535.5V288c0-4.4-3.6-8-8-8H488c-4.4 0-8 3.6-8 8v275.4c0 2.6 1.2 5 3.3 6.5l165.4 120.6c3.6 2.6 8.6 1.8 11.2-1.7l28.6-39c2.6-3.7 1.8-8.7-1.8-11.2z"
                          />
                        </svg>
                      </span>
                      <span>
                        Paid
                      </span>
                    </span>
                  </div>
                </div>
              </a>
              <div
                class="ant-space ant-space-horizontal ant-space-align-center space__type__btn"
              >
                <div
                  class="ant-space-item"
                >
                  <a
                    href="#/detailsBooking/152"
                  >
                    <button
                      class="ant-btn ant-btn-default"
                      type="button"
                    >
                      <span>
                        View details
                      </span>
                    </button>
                  </a>
                </div>
              </div>
            </div>
          </div>
        </div>
      </div>
    </div>
  </div>,
  "debug": [Function],
  "findAllByAltText": [Function],
  "findAllByDisplayValue": [Function],
  "findAllByLabelText": [Function],
  "findAllByPlaceholderText": [Function],
  "findAllByRole": [Function],
  "findAllByTestId": [Function],
  "findAllByText": [Function],
  "findAllByTitle": [Function],
  "findByAltText": [Function],
  "findByDisplayValue": [Function],
  "findByLabelText": [Function],
  "findByPlaceholderText": [Function],
  "findByRole": [Function],
  "findByTestId": [Function],
  "findByText": [Function],
  "findByTitle": [Function],
  "getAllByAltText": [Function],
  "getAllByDisplayValue": [Function],
  "getAllByLabelText": [Function],
  "getAllByPlaceholderText": [Function],
  "getAllByRole": [Function],
  "getAllByTestId": [Function],
  "getAllByText": [Function],
  "getAllByTitle": [Function],
  "getByAltText": [Function],
  "getByDisplayValue": [Function],
  "getByLabelText": [Function],
  "getByPlaceholderText": [Function],
  "getByRole": [Function],
  "getByTestId": [Function],
  "getByText": [Function],
  "getByTitle": [Function],
  "queryAllByAltText": [Function],
  "queryAllByDisplayValue": [Function],
  "queryAllByLabelText": [Function],
  "queryAllByPlaceholderText": [Function],
  "queryAllByRole": [Function],
  "queryAllByTestId": [Function],
  "queryAllByText": [Function],
  "queryAllByTitle": [Function],
  "queryByAltText": [Function],
  "queryByDisplayValue": [Function],
  "queryByLabelText": [Function],
  "queryByPlaceholderText": [Function],
  "queryByRole": [Function],
  "queryByTestId": [Function],
  "queryByText": [Function],
  "queryByTitle": [Function],
  "rerender": [Function],
  "unmount": [Function],
}
`;
